
> library(knitr)

> opts_chunk$set(fig.path = "figure/", fig.align = "center", 
+     fig.show = "hold", warning = FALSE, message = FALSE, error = FALSE, 
+     tidy =  .... [TRUNCATED] 

> options(replace.assign = TRUE, width = 80)

> assign("depthtrigger", 10, data.table:::.global)

> library(faoswsFlag)

> library(ggplot2)
Error in loadNamespace(j <- i[[1L]], c(lib.loc, .libPaths()), versionCheck = vI[[j]]) : 
  there is no package called ‘MASS’

  When sourcing ‘faoswsFlag.R’:
Error: package or namespace load failed for ‘ggplot2’
Execution halted
